Archive member included because of file (symbol)

/opt/local/lib/gcc/avr/4.0.2/../../../../avr/lib/avr4/libm.a(addsf3.o)
                              firmware.o (__addsf3)
/opt/local/lib/gcc/avr/4.0.2/../../../../avr/lib/avr4/libm.a(addsf3x.o)
                              /opt/local/lib/gcc/avr/4.0.2/../../../../avr/lib/avr4/libm.a(addsf3.o) (__addsf3x)
/opt/local/lib/gcc/avr/4.0.2/../../../../avr/lib/avr4/libm.a(fixunssfsi.o)
                              firmware.o (__fixunssfsi)
/opt/local/lib/gcc/avr/4.0.2/../../../../avr/lib/avr4/libm.a(floatsisf.o)
                              firmware.o (__floatsisf)
/opt/local/lib/gcc/avr/4.0.2/../../../../avr/lib/avr4/libm.a(fp_inf.o)
                              /opt/local/lib/gcc/avr/4.0.2/../../../../avr/lib/avr4/libm.a(addsf3x.o) (__fp_inf)
/opt/local/lib/gcc/avr/4.0.2/../../../../avr/lib/avr4/libm.a(fp_nan.o)
                              /opt/local/lib/gcc/avr/4.0.2/../../../../avr/lib/avr4/libm.a(addsf3x.o) (__fp_nan)
/opt/local/lib/gcc/avr/4.0.2/../../../../avr/lib/avr4/libm.a(fp_pscA.o)
                              /opt/local/lib/gcc/avr/4.0.2/../../../../avr/lib/avr4/libm.a(addsf3x.o) (__fp_pscA)
/opt/local/lib/gcc/avr/4.0.2/../../../../avr/lib/avr4/libm.a(fp_pscB.o)
                              /opt/local/lib/gcc/avr/4.0.2/../../../../avr/lib/avr4/libm.a(addsf3x.o) (__fp_pscB)
/opt/local/lib/gcc/avr/4.0.2/../../../../avr/lib/avr4/libm.a(fp_round.o)
                              /opt/local/lib/gcc/avr/4.0.2/../../../../avr/lib/avr4/libm.a(addsf3.o) (__fp_round)
/opt/local/lib/gcc/avr/4.0.2/../../../../avr/lib/avr4/libm.a(fp_split3.o)
                              /opt/local/lib/gcc/avr/4.0.2/../../../../avr/lib/avr4/libm.a(addsf3x.o) (__fp_split3)
/opt/local/lib/gcc/avr/4.0.2/../../../../avr/lib/avr4/libm.a(fp_zero.o)
                              /opt/local/lib/gcc/avr/4.0.2/../../../../avr/lib/avr4/libm.a(addsf3x.o) (__fp_zero)
/opt/local/lib/gcc/avr/4.0.2/../../../../avr/lib/avr4/libm.a(mulsf3.o)
                              firmware.o (__mulsf3)
/opt/local/lib/gcc/avr/4.0.2/../../../../avr/lib/avr4/libm.a(mulsf3x.o)
                              /opt/local/lib/gcc/avr/4.0.2/../../../../avr/lib/avr4/libm.a(mulsf3.o) (__mulsf3x)
/opt/local/lib/gcc/avr/4.0.2/avr4/libgcc.a(_exit.o)
                              /opt/local/lib/gcc/avr/4.0.2/../../../../avr/lib/avr4/crtm8.o (exit)
/opt/local/lib/gcc/avr/4.0.2/avr4/libgcc.a(_copy_data.o)
                              firmware.o (__do_copy_data)
/opt/local/lib/gcc/avr/4.0.2/avr4/libgcc.a(_clear_bss.o)
                              firmware.o (__do_clear_bss)
/opt/local/lib/gcc/avr/4.0.2/../../../../avr/lib/avr4/libc.a(ee_rb.1C1D1E.o)
                              firmware.o (__eeprom_read_byte_1C1D1E)

Memory Configuration

Name             Origin             Length             Attributes
text             0x0000000000000000 0x0000000000002000 xr
data             0x0000000000800060 0x000000000000ffa0 rw !x
eeprom           0x0000000000810000 0x0000000000010000 rw !x
*default*        0x0000000000000000 0xffffffffffffffff

Linker script and memory map

LOAD /opt/local/lib/gcc/avr/4.0.2/../../../../avr/lib/avr4/crtm8.o
LOAD firmware.o
LOAD usart.o
LOAD i2cmaster.o
LOAD /opt/local/lib/gcc/avr/4.0.2/../../../../avr/lib/avr4/libm.a
LOAD /opt/local/lib/gcc/avr/4.0.2/avr4/libgcc.a
LOAD /opt/local/lib/gcc/avr/4.0.2/../../../../avr/lib/avr4/libc.a
LOAD /opt/local/lib/gcc/avr/4.0.2/avr4/libgcc.a

.hash
 *(.hash)

.dynsym
 *(.dynsym)

.dynstr
 *(.dynstr)

.gnu.version
 *(.gnu.version)

.gnu.version_d
 *(.gnu.version_d)

.gnu.version_r
 *(.gnu.version_r)

.rel.init
 *(.rel.init)

.rela.init
 *(.rela.init)

.rel.text
 *(.rel.text)
 *(.rel.text.*)
 *(.rel.gnu.linkonce.t*)

.rela.text
 *(.rela.text)
 *(.rela.text.*)
 *(.rela.gnu.linkonce.t*)

.rel.fini
 *(.rel.fini)

.rela.fini
 *(.rela.fini)

.rel.rodata
 *(.rel.rodata)
 *(.rel.rodata.*)
 *(.rel.gnu.linkonce.r*)

.rela.rodata
 *(.rela.rodata)
 *(.rela.rodata.*)
 *(.rela.gnu.linkonce.r*)

.rel.data
 *(.rel.data)
 *(.rel.data.*)
 *(.rel.gnu.linkonce.d*)

.rela.data
 *(.rela.data)
 *(.rela.data.*)
 *(.rela.gnu.linkonce.d*)

.rel.ctors
 *(.rel.ctors)

.rela.ctors
 *(.rela.ctors)

.rel.dtors
 *(.rel.dtors)

.rela.dtors
 *(.rela.dtors)

.rel.got
 *(.rel.got)

.rela.got
 *(.rela.got)

.rel.bss
 *(.rel.bss)

.rela.bss
 *(.rela.bss)

.rel.plt
 *(.rel.plt)

.rela.plt
 *(.rela.plt)

.text           0x0000000000000000      0xff0
 *(.vectors)
 .vectors       0x0000000000000000       0x26 /opt/local/lib/gcc/avr/4.0.2/../../../../avr/lib/avr4/crtm8.o
                0x0000000000000000                __vectors
                0x0000000000000000                __vector_default
 *(.vectors)
 *(.progmem.gcc*)
 .progmem.gcc_sw_table
                0x0000000000000026       0xe2 firmware.o
 *(.progmem*)
                0x0000000000000108                . = ALIGN (0x2)
                0x0000000000000108                __trampolines_start = .
 *(.trampolines)
 .trampolines   0x0000000000000108        0x0 linker stubs
 *(.trampolines*)
                0x0000000000000108                __trampolines_end = .
 *(.jumptables)
 *(.jumptables*)
 *(.lowtext)
 *(.lowtext*)
                0x0000000000000108                __ctors_start = .
 *(.ctors)
                0x0000000000000108                __ctors_end = .
                0x0000000000000108                __dtors_start = .
 *(.dtors)
                0x0000000000000108                __dtors_end = .
 SORT(*)(.ctors)
 SORT(*)(.dtors)
 *(.init0)
 .init0         0x0000000000000108        0x0 /opt/local/lib/gcc/avr/4.0.2/../../../../avr/lib/avr4/crtm8.o
                0x0000000000000108                __init
 *(.init0)
 *(.init1)
 *(.init1)
 *(.init2)
 .init2         0x0000000000000108        0xc /opt/local/lib/gcc/avr/4.0.2/../../../../avr/lib/avr4/crtm8.o
 *(.init2)
 *(.init3)
 *(.init3)
 *(.init4)
 .init4         0x0000000000000114       0x16 /opt/local/lib/gcc/avr/4.0.2/avr4/libgcc.a(_copy_data.o)
                0x0000000000000114                __do_copy_data
 .init4         0x000000000000012a       0x10 /opt/local/lib/gcc/avr/4.0.2/avr4/libgcc.a(_clear_bss.o)
                0x000000000000012a                __do_clear_bss
 *(.init4)
 *(.init5)
 *(.init5)
 *(.init6)
 *(.init6)
 *(.init7)
 *(.init7)
 *(.init8)
 *(.init8)
 *(.init9)
 .init9         0x000000000000013a        0x4 /opt/local/lib/gcc/avr/4.0.2/../../../../avr/lib/avr4/crtm8.o
 *(.init9)
 *(.text)
 .text          0x000000000000013e        0x2 /opt/local/lib/gcc/avr/4.0.2/../../../../avr/lib/avr4/crtm8.o
                0x000000000000013e                __vector_18
                0x000000000000013e                __vector_12
                0x000000000000013e                __bad_interrupt
                0x000000000000013e                __vector_6
                0x000000000000013e                __vector_3
                0x000000000000013e                __vector_13
                0x000000000000013e                __vector_17
                0x000000000000013e                __vector_7
                0x000000000000013e                __vector_5
                0x000000000000013e                __vector_4
                0x000000000000013e                __vector_9
                0x000000000000013e                __vector_2
                0x000000000000013e                __vector_15
                0x000000000000013e                __vector_8
                0x000000000000013e                __vector_14
                0x000000000000013e                __vector_10
                0x000000000000013e                __vector_16
                0x000000000000013e                __vector_1
 .text          0x0000000000000140      0x902 firmware.o
                0x0000000000000140                calosc
                0x000000000000018c                handle_ping
                0x0000000000000192                handle_usart_test
                0x00000000000001b4                handle_send_i2c_status
                0x00000000000001ce                handle_send_version
                0x00000000000001e0                pin_config
                0x00000000000001f6                handle_enter_echo_mode
                0x0000000000000206                finalize_comm
                0x0000000000000248                i2c_lookup_index
                0x00000000000002c0                i2c_set_error
                0x00000000000002ee                i2c_set_unusable
                0x0000000000000326                i2c_set_good
                0x0000000000000362                i2c_check_unusable
                0x0000000000000398                sensor_init
                0x0000000000000406                driver_write
                0x000000000000047e                quadrant_write
                0x00000000000004ce                module_write
                0x000000000000050e                handle_module_black
                0x0000000000000554                handle_module_write
                0x000000000000059a                handle_row_write
                0x00000000000005e0                handle_enter_self_test_0
                0x0000000000000642                driver_init
                0x00000000000006e4                quadrant_init
                0x000000000000071a                module_init
                0x0000000000000740                handle_module_reset
                0x0000000000000746                sensor_read
                0x000000000000078c                quadrant_read
                0x0000000000000792                handle_row_rw
                0x00000000000007fe                handle_row_read
                0x000000000000085a                module_read
                0x000000000000089a                handle_module_rw
                0x0000000000000904                handle_module_read
                0x0000000000000910                dispatch
                0x0000000000000a28                main
 .text          0x0000000000000a42      0x18c usart.o
                0x0000000000000a42                usart_flushRx
                0x0000000000000a50                usart_init
                0x0000000000000a64                usart_putc
                0x0000000000000a6c                usart_puts
                0x0000000000000ab2                usart_getc
                0x0000000000000ae0                __vector_11
                0x0000000000000b58                data_in_rx_buffer
                0x0000000000000b70                usart_wait_for_data
 .text          0x0000000000000bce      0x10c i2cmaster.o
                0x0000000000000bce                i2c_init
                0x0000000000000bd6                i2c_start
                0x0000000000000c1a                i2c_stop
                0x0000000000000c26                i2c_write
                0x0000000000000c46                i2c_read
                0x0000000000000c5e                i2c_transmit
                0x0000000000000ca0                i2c_receive
 .text          0x0000000000000cda        0x0 /opt/local/lib/gcc/avr/4.0.2/../../../../avr/lib/avr4/libm.a(addsf3.o)
 .text          0x0000000000000cda        0x0 /opt/local/lib/gcc/avr/4.0.2/../../../../avr/lib/avr4/libm.a(addsf3x.o)
 .text          0x0000000000000cda        0x0 /opt/local/lib/gcc/avr/4.0.2/../../../../avr/lib/avr4/libm.a(fixunssfsi.o)
 .text          0x0000000000000cda        0x0 /opt/local/lib/gcc/avr/4.0.2/../../../../avr/lib/avr4/libm.a(floatsisf.o)
 .text          0x0000000000000cda        0x0 /opt/local/lib/gcc/avr/4.0.2/../../../../avr/lib/avr4/libm.a(fp_inf.o)
 .text          0x0000000000000cda        0x0 /opt/local/lib/gcc/avr/4.0.2/../../../../avr/lib/avr4/libm.a(fp_nan.o)
 .text          0x0000000000000cda        0x0 /opt/local/lib/gcc/avr/4.0.2/../../../../avr/lib/avr4/libm.a(fp_pscA.o)
 .text          0x0000000000000cda        0x0 /opt/local/lib/gcc/avr/4.0.2/../../../../avr/lib/avr4/libm.a(fp_pscB.o)
 .text          0x0000000000000cda        0x0 /opt/local/lib/gcc/avr/4.0.2/../../../../avr/lib/avr4/libm.a(fp_round.o)
 .text          0x0000000000000cda        0x0 /opt/local/lib/gcc/avr/4.0.2/../../../../avr/lib/avr4/libm.a(fp_split3.o)
 .text          0x0000000000000cda        0x0 /opt/local/lib/gcc/avr/4.0.2/../../../../avr/lib/avr4/libm.a(fp_zero.o)
 .text          0x0000000000000cda        0x0 /opt/local/lib/gcc/avr/4.0.2/../../../../avr/lib/avr4/libm.a(mulsf3.o)
 .text          0x0000000000000cda        0x0 /opt/local/lib/gcc/avr/4.0.2/../../../../avr/lib/avr4/libm.a(mulsf3x.o)
 .text          0x0000000000000cda        0x0 /opt/local/lib/gcc/avr/4.0.2/avr4/libgcc.a(_exit.o)
 .text          0x0000000000000cda        0x0 /opt/local/lib/gcc/avr/4.0.2/avr4/libgcc.a(_copy_data.o)
 .text          0x0000000000000cda        0x0 /opt/local/lib/gcc/avr/4.0.2/avr4/libgcc.a(_clear_bss.o)
 .text          0x0000000000000cda        0x0 /opt/local/lib/gcc/avr/4.0.2/../../../../avr/lib/avr4/libc.a(ee_rb.1C1D1E.o)
                0x0000000000000cda                . = ALIGN (0x2)
 *(.text.*)
 .text.fplib    0x0000000000000cda        0xa /opt/local/lib/gcc/avr/4.0.2/../../../../avr/lib/avr4/libm.a(addsf3.o)
                0x0000000000000cda                __subsf3
                0x0000000000000cdc                __addsf3
 .text.fplib    0x0000000000000ce4       0xc0 /opt/local/lib/gcc/avr/4.0.2/../../../../avr/lib/avr4/libm.a(addsf3x.o)
                0x0000000000000cfe                __addsf3x
 .text.fplib    0x0000000000000da4       0x58 /opt/local/lib/gcc/avr/4.0.2/../../../../avr/lib/avr4/libm.a(fixunssfsi.o)
                0x0000000000000da4                __fixunssfsi
 .text.fplib    0x0000000000000dfc       0x7a /opt/local/lib/gcc/avr/4.0.2/../../../../avr/lib/avr4/libm.a(floatsisf.o)
                0x0000000000000dfc                __floatunssisf
                0x0000000000000e00                __floatsisf
 .text.fplib    0x0000000000000e76        0xc /opt/local/lib/gcc/avr/4.0.2/../../../../avr/lib/avr4/libm.a(fp_inf.o)
                0x0000000000000e76                __fp_inf
 .text.fplib    0x0000000000000e82        0x6 /opt/local/lib/gcc/avr/4.0.2/../../../../avr/lib/avr4/libm.a(fp_nan.o)
                0x0000000000000e82                __fp_nan
 .text.fplib    0x0000000000000e88        0xe /opt/local/lib/gcc/avr/4.0.2/../../../../avr/lib/avr4/libm.a(fp_pscA.o)
                0x0000000000000e88                __fp_pscA
 .text.fplib    0x0000000000000e96        0xe /opt/local/lib/gcc/avr/4.0.2/../../../../avr/lib/avr4/libm.a(fp_pscB.o)
                0x0000000000000e96                __fp_pscB
 .text.fplib    0x0000000000000ea4       0x22 /opt/local/lib/gcc/avr/4.0.2/../../../../avr/lib/avr4/libm.a(fp_round.o)
                0x0000000000000ea4                __fp_round
 .text.fplib    0x0000000000000ec6       0x44 /opt/local/lib/gcc/avr/4.0.2/../../../../avr/lib/avr4/libm.a(fp_split3.o)
                0x0000000000000ec6                __fp_split3
                0x0000000000000ed6                __fp_splitA
 .text.fplib    0x0000000000000f0a        0xe /opt/local/lib/gcc/avr/4.0.2/../../../../avr/lib/avr4/libm.a(fp_zero.o)
                0x0000000000000f0a                __fp_zero
                0x0000000000000f0c                __fp_szero
 .text.fplib    0x0000000000000f18        0x4 /opt/local/lib/gcc/avr/4.0.2/../../../../avr/lib/avr4/libm.a(mulsf3.o)
                0x0000000000000f18                __mulsf3
 .text.fplib    0x0000000000000f1c       0xc2 /opt/local/lib/gcc/avr/4.0.2/../../../../avr/lib/avr4/libm.a(mulsf3x.o)
                0x0000000000000f30                __mulsf3x
                0x0000000000000f34                __mulsf3_pse
 .text.libgcc   0x0000000000000fde        0x0 /opt/local/lib/gcc/avr/4.0.2/avr4/libgcc.a(_exit.o)
 .text.libgcc   0x0000000000000fde        0x0 /opt/local/lib/gcc/avr/4.0.2/avr4/libgcc.a(_copy_data.o)
 .text.libgcc   0x0000000000000fde        0x0 /opt/local/lib/gcc/avr/4.0.2/avr4/libgcc.a(_clear_bss.o)
 .text.eeprom   0x0000000000000fde       0x10 /opt/local/lib/gcc/avr/4.0.2/../../../../avr/lib/avr4/libc.a(ee_rb.1C1D1E.o)
                0x0000000000000fde                __eeprom_read_byte_1C1D1E
                0x0000000000000fee                . = ALIGN (0x2)
 *(.fini9)
 .fini9         0x0000000000000fee        0x0 /opt/local/lib/gcc/avr/4.0.2/avr4/libgcc.a(_exit.o)
                0x0000000000000fee                exit
                0x0000000000000fee                _exit
 *(.fini9)
 *(.fini8)
 *(.fini8)
 *(.fini7)
 *(.fini7)
 *(.fini6)
 *(.fini6)
 *(.fini5)
 *(.fini5)
 *(.fini4)
 *(.fini4)
 *(.fini3)
 *(.fini3)
 *(.fini2)
 *(.fini2)
 *(.fini1)
 *(.fini1)
 *(.fini0)
 .fini0         0x0000000000000fee        0x2 /opt/local/lib/gcc/avr/4.0.2/avr4/libgcc.a(_exit.o)
 *(.fini0)
                0x0000000000000ff0                _etext = .

.data           0x0000000000800060        0x4 load address 0x0000000000000ff0
                0x0000000000800060                PROVIDE (__data_start, .)
 *(.data)
 .data          0x0000000000800060        0x0 /opt/local/lib/gcc/avr/4.0.2/../../../../avr/lib/avr4/crtm8.o
 .data          0x0000000000800060        0x4 firmware.o
                0x0000000000800060                ROW_MASKS
 .data          0x0000000000800064        0x0 usart.o
 .data          0x0000000000800064        0x0 i2cmaster.o
 .data          0x0000000000800064        0x0 /opt/local/lib/gcc/avr/4.0.2/../../../../avr/lib/avr4/libm.a(addsf3.o)
 .data          0x0000000000800064        0x0 /opt/local/lib/gcc/avr/4.0.2/../../../../avr/lib/avr4/libm.a(addsf3x.o)
 .data          0x0000000000800064        0x0 /opt/local/lib/gcc/avr/4.0.2/../../../../avr/lib/avr4/libm.a(fixunssfsi.o)
 .data          0x0000000000800064        0x0 /opt/local/lib/gcc/avr/4.0.2/../../../../avr/lib/avr4/libm.a(floatsisf.o)
 .data          0x0000000000800064        0x0 /opt/local/lib/gcc/avr/4.0.2/../../../../avr/lib/avr4/libm.a(fp_inf.o)
 .data          0x0000000000800064        0x0 /opt/local/lib/gcc/avr/4.0.2/../../../../avr/lib/avr4/libm.a(fp_nan.o)
 .data          0x0000000000800064        0x0 /opt/local/lib/gcc/avr/4.0.2/../../../../avr/lib/avr4/libm.a(fp_pscA.o)
 .data          0x0000000000800064        0x0 /opt/local/lib/gcc/avr/4.0.2/../../../../avr/lib/avr4/libm.a(fp_pscB.o)
 .data          0x0000000000800064        0x0 /opt/local/lib/gcc/avr/4.0.2/../../../../avr/lib/avr4/libm.a(fp_round.o)
 .data          0x0000000000800064        0x0 /opt/local/lib/gcc/avr/4.0.2/../../../../avr/lib/avr4/libm.a(fp_split3.o)
 .data          0x0000000000800064        0x0 /opt/local/lib/gcc/avr/4.0.2/../../../../avr/lib/avr4/libm.a(fp_zero.o)
 .data          0x0000000000800064        0x0 /opt/local/lib/gcc/avr/4.0.2/../../../../avr/lib/avr4/libm.a(mulsf3.o)
 .data          0x0000000000800064        0x0 /opt/local/lib/gcc/avr/4.0.2/../../../../avr/lib/avr4/libm.a(mulsf3x.o)
 .data          0x0000000000800064        0x0 /opt/local/lib/gcc/avr/4.0.2/avr4/libgcc.a(_exit.o)
 .data          0x0000000000800064        0x0 /opt/local/lib/gcc/avr/4.0.2/avr4/libgcc.a(_copy_data.o)
 .data          0x0000000000800064        0x0 /opt/local/lib/gcc/avr/4.0.2/avr4/libgcc.a(_clear_bss.o)
 .data          0x0000000000800064        0x0 /opt/local/lib/gcc/avr/4.0.2/../../../../avr/lib/avr4/libc.a(ee_rb.1C1D1E.o)
 *(.data*)
 *(.rodata)
 *(.rodata*)
 *(.gnu.linkonce.d*)
                0x0000000000800064                . = ALIGN (0x2)
                0x0000000000800064                _edata = .
                0x0000000000800064                PROVIDE (__data_end, .)

.bss            0x0000000000800064       0x87
                0x0000000000800064                PROVIDE (__bss_start, .)
 *(.bss)
 .bss           0x0000000000800064        0x0 /opt/local/lib/gcc/avr/4.0.2/../../../../avr/lib/avr4/crtm8.o
 .bss           0x0000000000800064        0x4 firmware.o
 .bss           0x0000000000800068       0x83 usart.o
 .bss           0x00000000008000eb        0x0 i2cmaster.o
 .bss           0x00000000008000eb        0x0 /opt/local/lib/gcc/avr/4.0.2/../../../../avr/lib/avr4/libm.a(addsf3.o)
 .bss           0x00000000008000eb        0x0 /opt/local/lib/gcc/avr/4.0.2/../../../../avr/lib/avr4/libm.a(addsf3x.o)
 .bss           0x00000000008000eb        0x0 /opt/local/lib/gcc/avr/4.0.2/../../../../avr/lib/avr4/libm.a(fixunssfsi.o)
 .bss           0x00000000008000eb        0x0 /opt/local/lib/gcc/avr/4.0.2/../../../../avr/lib/avr4/libm.a(floatsisf.o)
 .bss           0x00000000008000eb        0x0 /opt/local/lib/gcc/avr/4.0.2/../../../../avr/lib/avr4/libm.a(fp_inf.o)
 .bss           0x00000000008000eb        0x0 /opt/local/lib/gcc/avr/4.0.2/../../../../avr/lib/avr4/libm.a(fp_nan.o)
 .bss           0x00000000008000eb        0x0 /opt/local/lib/gcc/avr/4.0.2/../../../../avr/lib/avr4/libm.a(fp_pscA.o)
 .bss           0x00000000008000eb        0x0 /opt/local/lib/gcc/avr/4.0.2/../../../../avr/lib/avr4/libm.a(fp_pscB.o)
 .bss           0x00000000008000eb        0x0 /opt/local/lib/gcc/avr/4.0.2/../../../../avr/lib/avr4/libm.a(fp_round.o)
 .bss           0x00000000008000eb        0x0 /opt/local/lib/gcc/avr/4.0.2/../../../../avr/lib/avr4/libm.a(fp_split3.o)
 .bss           0x00000000008000eb        0x0 /opt/local/lib/gcc/avr/4.0.2/../../../../avr/lib/avr4/libm.a(fp_zero.o)
 .bss           0x00000000008000eb        0x0 /opt/local/lib/gcc/avr/4.0.2/../../../../avr/lib/avr4/libm.a(mulsf3.o)
 .bss           0x00000000008000eb        0x0 /opt/local/lib/gcc/avr/4.0.2/../../../../avr/lib/avr4/libm.a(mulsf3x.o)
 .bss           0x00000000008000eb        0x0 /opt/local/lib/gcc/avr/4.0.2/avr4/libgcc.a(_exit.o)
 .bss           0x00000000008000eb        0x0 /opt/local/lib/gcc/avr/4.0.2/avr4/libgcc.a(_copy_data.o)
 .bss           0x00000000008000eb        0x0 /opt/local/lib/gcc/avr/4.0.2/avr4/libgcc.a(_clear_bss.o)
 .bss           0x00000000008000eb        0x0 /opt/local/lib/gcc/avr/4.0.2/../../../../avr/lib/avr4/libc.a(ee_rb.1C1D1E.o)
 *(.bss*)
 *(COMMON)
                0x00000000008000eb                PROVIDE (__bss_end, .)
                0x0000000000000ff0                __data_load_start = LOADADDR (.data)
                0x0000000000000ff4                __data_load_end = (__data_load_start + SIZEOF (.data))

.noinit         0x00000000008000eb        0x0
                0x00000000008000eb                PROVIDE (__noinit_start, .)
 *(.noinit*)
                0x00000000008000eb                PROVIDE (__noinit_end, .)
                0x00000000008000eb                _end = .
                0x00000000008000eb                PROVIDE (__heap_start, .)

.eeprom         0x0000000000810000        0x0
 *(.eeprom*)
                0x0000000000810000                __eeprom_end = .

.stab           0x0000000000000000     0x18cc
 *(.stab)
 .stab          0x0000000000000000      0x378 /opt/local/lib/gcc/avr/4.0.2/../../../../avr/lib/avr4/crtm8.o
 .stab          0x0000000000000378       0x78 /opt/local/lib/gcc/avr/4.0.2/../../../../avr/lib/avr4/libm.a(addsf3.o)
                                         0x84 (size before relaxing)
 .stab          0x00000000000003f0      0x4bc /opt/local/lib/gcc/avr/4.0.2/../../../../avr/lib/avr4/libm.a(addsf3x.o)
                                        0x4c8 (size before relaxing)
 .stab          0x00000000000008ac      0x240 /opt/local/lib/gcc/avr/4.0.2/../../../../avr/lib/avr4/libm.a(fixunssfsi.o)
                                        0x24c (size before relaxing)
 .stab          0x0000000000000aec      0x318 /opt/local/lib/gcc/avr/4.0.2/../../../../avr/lib/avr4/libm.a(floatsisf.o)
                                        0x324 (size before relaxing)
 .stab          0x0000000000000e04       0x78 /opt/local/lib/gcc/avr/4.0.2/../../../../avr/lib/avr4/libm.a(fp_inf.o)
                                         0x84 (size before relaxing)
 .stab          0x0000000000000e7c       0x54 /opt/local/lib/gcc/avr/4.0.2/../../../../avr/lib/avr4/libm.a(fp_nan.o)
                                         0x60 (size before relaxing)
 .stab          0x0000000000000ed0       0x84 /opt/local/lib/gcc/avr/4.0.2/../../../../avr/lib/avr4/libm.a(fp_pscA.o)
                                         0x90 (size before relaxing)
 .stab          0x0000000000000f54       0x84 /opt/local/lib/gcc/avr/4.0.2/../../../../avr/lib/avr4/libm.a(fp_pscB.o)
                                         0x90 (size before relaxing)
 .stab          0x0000000000000fd8       0xfc /opt/local/lib/gcc/avr/4.0.2/../../../../avr/lib/avr4/libm.a(fp_round.o)
                                        0x108 (size before relaxing)
 .stab          0x00000000000010d4      0x1d4 /opt/local/lib/gcc/avr/4.0.2/../../../../avr/lib/avr4/libm.a(fp_split3.o)
                                        0x1e0 (size before relaxing)
 .stab          0x00000000000012a8       0x90 /opt/local/lib/gcc/avr/4.0.2/../../../../avr/lib/avr4/libm.a(fp_zero.o)
                                         0x9c (size before relaxing)
 .stab          0x0000000000001338       0x48 /opt/local/lib/gcc/avr/4.0.2/../../../../avr/lib/avr4/libm.a(mulsf3.o)
                                         0x54 (size before relaxing)
 .stab          0x0000000000001380      0x4d4 /opt/local/lib/gcc/avr/4.0.2/../../../../avr/lib/avr4/libm.a(mulsf3x.o)
                                        0x4e0 (size before relaxing)
 .stab          0x0000000000001854       0x78 /opt/local/lib/gcc/avr/4.0.2/../../../../avr/lib/avr4/libc.a(ee_rb.1C1D1E.o)
                                         0x84 (size before relaxing)

.stabstr        0x0000000000000000      0x325
 *(.stabstr)
 .stabstr       0x0000000000000000      0x325 /opt/local/lib/gcc/avr/4.0.2/../../../../avr/lib/avr4/crtm8.o

.stab.excl
 *(.stab.excl)

.stab.exclstr
 *(.stab.exclstr)

.stab.index
 *(.stab.index)

.stab.indexstr
 *(.stab.indexstr)

.comment
 *(.comment)

.debug
 *(.debug)

.line
 *(.line)

.debug_srcinfo
 *(.debug_srcinfo)

.debug_sfnames
 *(.debug_sfnames)

.debug_aranges
 *(.debug_aranges)

.debug_pubnames
 *(.debug_pubnames)

.debug_info
 *(.debug_info)
 *(.gnu.linkonce.wi.*)

.debug_abbrev
 *(.debug_abbrev)

.debug_line
 *(.debug_line)

.debug_frame
 *(.debug_frame)

.debug_str
 *(.debug_str)

.debug_loc
 *(.debug_loc)

.debug_macinfo
 *(.debug_macinfo)
OUTPUT(firmware.elf elf32-avr)
LOAD linker stubs

Cross Reference Table

Symbol                                            File
ROW_MASKS                                         firmware.o
__addsf3                                          /opt/local/lib/gcc/avr/4.0.2/../../../../avr/lib/avr4/libm.a(addsf3.o)
                                                  firmware.o
__addsf3x                                         /opt/local/lib/gcc/avr/4.0.2/../../../../avr/lib/avr4/libm.a(addsf3x.o)
                                                  /opt/local/lib/gcc/avr/4.0.2/../../../../avr/lib/avr4/libm.a(addsf3.o)
__bad_interrupt                                   /opt/local/lib/gcc/avr/4.0.2/../../../../avr/lib/avr4/crtm8.o
__bss_end                                         /opt/local/lib/gcc/avr/4.0.2/avr4/libgcc.a(_clear_bss.o)
__bss_start                                       /opt/local/lib/gcc/avr/4.0.2/avr4/libgcc.a(_clear_bss.o)
__data_end                                        /opt/local/lib/gcc/avr/4.0.2/avr4/libgcc.a(_copy_data.o)
__data_load_start                                 /opt/local/lib/gcc/avr/4.0.2/avr4/libgcc.a(_copy_data.o)
__data_start                                      /opt/local/lib/gcc/avr/4.0.2/avr4/libgcc.a(_copy_data.o)
__do_clear_bss                                    /opt/local/lib/gcc/avr/4.0.2/avr4/libgcc.a(_clear_bss.o)
                                                  i2cmaster.o
                                                  usart.o
                                                  firmware.o
__do_copy_data                                    /opt/local/lib/gcc/avr/4.0.2/avr4/libgcc.a(_copy_data.o)
                                                  i2cmaster.o
                                                  usart.o
                                                  firmware.o
__eeprom_read_byte_1C1D1E                         /opt/local/lib/gcc/avr/4.0.2/../../../../avr/lib/avr4/libc.a(ee_rb.1C1D1E.o)
                                                  firmware.o
__fixunssfsi                                      /opt/local/lib/gcc/avr/4.0.2/../../../../avr/lib/avr4/libm.a(fixunssfsi.o)
                                                  firmware.o
__floatsisf                                       /opt/local/lib/gcc/avr/4.0.2/../../../../avr/lib/avr4/libm.a(floatsisf.o)
                                                  firmware.o
__floatunssisf                                    /opt/local/lib/gcc/avr/4.0.2/../../../../avr/lib/avr4/libm.a(floatsisf.o)
__fp_inf                                          /opt/local/lib/gcc/avr/4.0.2/../../../../avr/lib/avr4/libm.a(fp_inf.o)
                                                  /opt/local/lib/gcc/avr/4.0.2/../../../../avr/lib/avr4/libm.a(mulsf3x.o)
                                                  /opt/local/lib/gcc/avr/4.0.2/../../../../avr/lib/avr4/libm.a(addsf3x.o)
__fp_nan                                          /opt/local/lib/gcc/avr/4.0.2/../../../../avr/lib/avr4/libm.a(fp_nan.o)
                                                  /opt/local/lib/gcc/avr/4.0.2/../../../../avr/lib/avr4/libm.a(mulsf3x.o)
                                                  /opt/local/lib/gcc/avr/4.0.2/../../../../avr/lib/avr4/libm.a(addsf3x.o)
__fp_pscA                                         /opt/local/lib/gcc/avr/4.0.2/../../../../avr/lib/avr4/libm.a(fp_pscA.o)
                                                  /opt/local/lib/gcc/avr/4.0.2/../../../../avr/lib/avr4/libm.a(mulsf3x.o)
                                                  /opt/local/lib/gcc/avr/4.0.2/../../../../avr/lib/avr4/libm.a(addsf3x.o)
__fp_pscB                                         /opt/local/lib/gcc/avr/4.0.2/../../../../avr/lib/avr4/libm.a(fp_pscB.o)
                                                  /opt/local/lib/gcc/avr/4.0.2/../../../../avr/lib/avr4/libm.a(mulsf3x.o)
                                                  /opt/local/lib/gcc/avr/4.0.2/../../../../avr/lib/avr4/libm.a(addsf3x.o)
__fp_round                                        /opt/local/lib/gcc/avr/4.0.2/../../../../avr/lib/avr4/libm.a(fp_round.o)
                                                  /opt/local/lib/gcc/avr/4.0.2/../../../../avr/lib/avr4/libm.a(mulsf3.o)
                                                  /opt/local/lib/gcc/avr/4.0.2/../../../../avr/lib/avr4/libm.a(addsf3.o)
__fp_split3                                       /opt/local/lib/gcc/avr/4.0.2/../../../../avr/lib/avr4/libm.a(fp_split3.o)
                                                  /opt/local/lib/gcc/avr/4.0.2/../../../../avr/lib/avr4/libm.a(mulsf3x.o)
                                                  /opt/local/lib/gcc/avr/4.0.2/../../../../avr/lib/avr4/libm.a(addsf3x.o)
__fp_splitA                                       /opt/local/lib/gcc/avr/4.0.2/../../../../avr/lib/avr4/libm.a(fp_split3.o)
                                                  /opt/local/lib/gcc/avr/4.0.2/../../../../avr/lib/avr4/libm.a(fixunssfsi.o)
__fp_szero                                        /opt/local/lib/gcc/avr/4.0.2/../../../../avr/lib/avr4/libm.a(fp_zero.o)
                                                  /opt/local/lib/gcc/avr/4.0.2/../../../../avr/lib/avr4/libm.a(mulsf3x.o)
__fp_zero                                         /opt/local/lib/gcc/avr/4.0.2/../../../../avr/lib/avr4/libm.a(fp_zero.o)
                                                  /opt/local/lib/gcc/avr/4.0.2/../../../../avr/lib/avr4/libm.a(fixunssfsi.o)
                                                  /opt/local/lib/gcc/avr/4.0.2/../../../../avr/lib/avr4/libm.a(addsf3x.o)
__heap_end                                        /opt/local/lib/gcc/avr/4.0.2/../../../../avr/lib/avr4/crtm8.o
__init                                            /opt/local/lib/gcc/avr/4.0.2/../../../../avr/lib/avr4/crtm8.o
__mulsf3                                          /opt/local/lib/gcc/avr/4.0.2/../../../../avr/lib/avr4/libm.a(mulsf3.o)
                                                  firmware.o
__mulsf3_pse                                      /opt/local/lib/gcc/avr/4.0.2/../../../../avr/lib/avr4/libm.a(mulsf3x.o)
__mulsf3x                                         /opt/local/lib/gcc/avr/4.0.2/../../../../avr/lib/avr4/libm.a(mulsf3x.o)
                                                  /opt/local/lib/gcc/avr/4.0.2/../../../../avr/lib/avr4/libm.a(mulsf3.o)
__stack                                           /opt/local/lib/gcc/avr/4.0.2/../../../../avr/lib/avr4/crtm8.o
                                                  firmware.o
__subsf3                                          /opt/local/lib/gcc/avr/4.0.2/../../../../avr/lib/avr4/libm.a(addsf3.o)
__vector_1                                        /opt/local/lib/gcc/avr/4.0.2/../../../../avr/lib/avr4/crtm8.o
__vector_10                                       /opt/local/lib/gcc/avr/4.0.2/../../../../avr/lib/avr4/crtm8.o
__vector_11                                       usart.o
                                                  /opt/local/lib/gcc/avr/4.0.2/../../../../avr/lib/avr4/crtm8.o
__vector_12                                       /opt/local/lib/gcc/avr/4.0.2/../../../../avr/lib/avr4/crtm8.o
__vector_13                                       /opt/local/lib/gcc/avr/4.0.2/../../../../avr/lib/avr4/crtm8.o
__vector_14                                       /opt/local/lib/gcc/avr/4.0.2/../../../../avr/lib/avr4/crtm8.o
__vector_15                                       /opt/local/lib/gcc/avr/4.0.2/../../../../avr/lib/avr4/crtm8.o
__vector_16                                       /opt/local/lib/gcc/avr/4.0.2/../../../../avr/lib/avr4/crtm8.o
__vector_17                                       /opt/local/lib/gcc/avr/4.0.2/../../../../avr/lib/avr4/crtm8.o
__vector_18                                       /opt/local/lib/gcc/avr/4.0.2/../../../../avr/lib/avr4/crtm8.o
__vector_2                                        /opt/local/lib/gcc/avr/4.0.2/../../../../avr/lib/avr4/crtm8.o
__vector_3                                        /opt/local/lib/gcc/avr/4.0.2/../../../../avr/lib/avr4/crtm8.o
__vector_4                                        /opt/local/lib/gcc/avr/4.0.2/../../../../avr/lib/avr4/crtm8.o
__vector_5                                        /opt/local/lib/gcc/avr/4.0.2/../../../../avr/lib/avr4/crtm8.o
__vector_6                                        /opt/local/lib/gcc/avr/4.0.2/../../../../avr/lib/avr4/crtm8.o
__vector_7                                        /opt/local/lib/gcc/avr/4.0.2/../../../../avr/lib/avr4/crtm8.o
__vector_8                                        /opt/local/lib/gcc/avr/4.0.2/../../../../avr/lib/avr4/crtm8.o
__vector_9                                        /opt/local/lib/gcc/avr/4.0.2/../../../../avr/lib/avr4/crtm8.o
__vector_default                                  /opt/local/lib/gcc/avr/4.0.2/../../../../avr/lib/avr4/crtm8.o
__vectors                                         /opt/local/lib/gcc/avr/4.0.2/../../../../avr/lib/avr4/crtm8.o
_exit                                             /opt/local/lib/gcc/avr/4.0.2/avr4/libgcc.a(_exit.o)
calosc                                            firmware.o
data_in_rx_buffer                                 usart.o
                                                  firmware.o
dispatch                                          firmware.o
driver_init                                       firmware.o
driver_write                                      firmware.o
exit                                              /opt/local/lib/gcc/avr/4.0.2/avr4/libgcc.a(_exit.o)
                                                  /opt/local/lib/gcc/avr/4.0.2/../../../../avr/lib/avr4/crtm8.o
finalize_comm                                     firmware.o
handle_enter_echo_mode                            firmware.o
handle_enter_self_test_0                          firmware.o
handle_module_black                               firmware.o
handle_module_read                                firmware.o
handle_module_reset                               firmware.o
handle_module_rw                                  firmware.o
handle_module_write                               firmware.o
handle_ping                                       firmware.o
handle_row_read                                   firmware.o
handle_row_rw                                     firmware.o
handle_row_write                                  firmware.o
handle_send_i2c_status                            firmware.o
handle_send_version                               firmware.o
handle_usart_test                                 firmware.o
i2c_check_unusable                                firmware.o
i2c_init                                          i2cmaster.o
                                                  firmware.o
i2c_lookup_index                                  firmware.o
i2c_read                                          i2cmaster.o
i2c_receive                                       i2cmaster.o
                                                  firmware.o
i2c_set_error                                     firmware.o
i2c_set_good                                      firmware.o
i2c_set_unusable                                  firmware.o
i2c_start                                         i2cmaster.o
                                                  firmware.o
i2c_stop                                          i2cmaster.o
i2c_transmit                                      i2cmaster.o
                                                  firmware.o
i2c_write                                         i2cmaster.o
                                                  firmware.o
main                                              firmware.o
                                                  /opt/local/lib/gcc/avr/4.0.2/../../../../avr/lib/avr4/crtm8.o
module_init                                       firmware.o
module_read                                       firmware.o
module_write                                      firmware.o
pin_config                                        firmware.o
quadrant_init                                     firmware.o
quadrant_read                                     firmware.o
quadrant_write                                    firmware.o
sensor_init                                       firmware.o
sensor_read                                       firmware.o
usart_flushRx                                     usart.o
usart_getc                                        usart.o
                                                  firmware.o
usart_init                                        usart.o
                                                  firmware.o
usart_putc                                        usart.o
                                                  firmware.o
usart_puts                                        usart.o
usart_wait_for_data                               usart.o
                                                  firmware.o
